
> cronix@ dev /home/sphinx/Desktop/cronix
> turbo run dev

• turbo 2.10.0

   • Packages in scope: @repo/eslint-config, @repo/typescript-config, database, server, web
   • Running dev in 5 packages
   • Remote caching disabled

server:dev: cache bypass, force executing 0d83f3b8008ed286
database:dev: cache bypass, force executing a496289782def172
web:dev: cache bypass, force executing c531f2c804bf4fec
server:dev: 
server:dev: > server@0.0.1 dev /home/sphinx/Desktop/cronix/apps/server
server:dev: > nest start --watch
server:dev: 
web:dev: 
web:dev: > web@0.1.0 dev /home/sphinx/Desktop/cronix/apps/web
web:dev: > next dev --port 3000
web:dev: 
database:dev: 
database:dev: > database@1.0.0 dev /home/sphinx/Desktop/cronix/packages/database
database:dev: > prisma generate --watch
database:dev: 
web:dev: ▲ Next.js 16.2.0 (Turbopack)
web:dev: - Local:         http://localhost:3000
web:dev: - Network:       http://10.68.86.231:3000
web:dev: ✓ Ready in 592ms
server:dev: [2J[3J[H[[90m6:43:45 AM[0m] Starting compilation in watch mode...
server:dev: 
database:dev: Loaded Prisma config from prisma.config.ts.
database:dev: 
database:dev: Prisma schema loaded from prisma/schema.prisma.
web:dev: 
database:dev: 
database:dev: Watching... /home/sphinx/Desktop/cronix/packages/database/prisma
database:dev: 
database:dev: ✔ Generated Prisma Client (7.8.0) to ./generated/prisma in 98ms
database:dev: 
server:dev: [[90m6:43:49 AM[0m] Found 0 errors. Watching for file changes.
server:dev: 
server:dev: ◇ injected env (0) from .env // tip: ⌘ suppress logs { quiet: true }
server:dev: [32m[Nest] 28486  - [39m07/02/2026, 6:43:49 AM [32m    LOG[39m [38;5;3m[NestFactory] [39m[32mStarting Nest application...[39m
server:dev: [32m[Nest] 28486  - [39m07/02/2026, 6:43:49 AM [32m    LOG[39m [38;5;3m[InstanceLoader] [39m[32mPrismaModule dependencies initialized[39m[38;5;3m +13ms[39m
server:dev: [32m[Nest] 28486  - [39m07/02/2026, 6:43:49 AM [32m    LOG[39m [38;5;3m[InstanceLoader] [39m[32mPassportModule dependencies initialized[39m[38;5;3m +0ms[39m
server:dev: [32m[Nest] 28486  - [39m07/02/2026, 6:43:49 AM [32m    LOG[39m [38;5;3m[InstanceLoader] [39m[32mConfigHostModule dependencies initialized[39m[38;5;3m +0ms[39m
server:dev: [32m[Nest] 28486  - [39m07/02/2026, 6:43:49 AM [32m    LOG[39m [38;5;3m[InstanceLoader] [39m[32mAppModule dependencies initialized[39m[38;5;3m +2ms[39m
server:dev: [32m[Nest] 28486  - [39m07/02/2026, 6:43:49 AM [32m    LOG[39m [38;5;3m[InstanceLoader] [39m[32mConfigModule dependencies initialized[39m[38;5;3m +0ms[39m
server:dev: [32m[Nest] 28486  - [39m07/02/2026, 6:43:49 AM [32m    LOG[39m [38;5;3m[InstanceLoader] [39m[32mConfigModule dependencies initialized[39m[38;5;3m +0ms[39m
server:dev: [32m[Nest] 28486  - [39m07/02/2026, 6:43:49 AM [32m    LOG[39m [38;5;3m[InstanceLoader] [39m[32mJwtModule dependencies initialized[39m[38;5;3m +0ms[39m
server:dev: [32m[Nest] 28486  - [39m07/02/2026, 6:43:49 AM [32m    LOG[39m [38;5;3m[InstanceLoader] [39m[32mAuthModule dependencies initialized[39m[38;5;3m +3ms[39m
server:dev: [32m[Nest] 28486  - [39m07/02/2026, 6:43:50 AM [32m    LOG[39m [38;5;3m[RoutesResolver] [39m[32mAppController {/api/v1}:[39m[38;5;3m +217ms[39m
server:dev: [32m[Nest] 28486  - [39m07/02/2026, 6:43:50 AM [32m    LOG[39m [38;5;3m[RouterExplorer] [39m[32mMapped {/api/v1, GET} route[39m[38;5;3m +3ms[39m
server:dev: [32m[Nest] 28486  - [39m07/02/2026, 6:43:50 AM [32m    LOG[39m [38;5;3m[RoutesResolver] [39m[32mAuthController {/api/v1/auth}:[39m[38;5;3m +0ms[39m
server:dev: [32m[Nest] 28486  - [39m07/02/2026, 6:43:50 AM [32m    LOG[39m [38;5;3m[RouterExplorer] [39m[32mMapped {/api/v1/auth/google, GET} route[39m[38;5;3m +1ms[39m
server:dev: [32m[Nest] 28486  - [39m07/02/2026, 6:43:50 AM [32m    LOG[39m [38;5;3m[RouterExplorer] [39m[32mMapped {/api/v1/auth/google/callback, GET} route[39m[38;5;3m +0ms[39m
server:dev: [32m[Nest] 28486  - [39m07/02/2026, 6:43:50 AM [32m    LOG[39m [38;5;3m[RouterExplorer] [39m[32mMapped {/api/v1/auth/github, GET} route[39m[38;5;3m +0ms[39m
server:dev: [32m[Nest] 28486  - [39m07/02/2026, 6:43:50 AM [32m    LOG[39m [38;5;3m[RouterExplorer] [39m[32mMapped {/api/v1/auth/github/callback, GET} route[39m[38;5;3m +1ms[39m
server:dev: [32m[Nest] 28486  - [39m07/02/2026, 6:43:50 AM [32m    LOG[39m [38;5;3m[RouterExplorer] [39m[32mMapped {/api/v1/auth/refresh, POST} route[39m[38;5;3m +0ms[39m
server:dev: [32m[Nest] 28486  - [39m07/02/2026, 6:43:50 AM [32m    LOG[39m [38;5;3m[RouterExplorer] [39m[32mMapped {/api/v1/auth/logout, POST} route[39m[38;5;3m +0ms[39m
server:dev: [32m[Nest] 28486  - [39m07/02/2026, 6:43:50 AM [32m    LOG[39m [38;5;3m[RouterExplorer] [39m[32mMapped {/api/v1/auth/me, GET} route[39m[38;5;3m +0ms[39m
server:dev: [32m[Nest] 28486  - [39m07/02/2026, 6:43:50 AM [32m    LOG[39m [38;5;3m[NestApplication] [39m[32mNest application successfully started[39m[38;5;3m +77ms[39m
server:dev: (node:28486) Warning: SECURITY WARNING: The SSL modes 'prefer', 'require', and 'verify-ca' are treated as aliases for 'verify-full'.
server:dev: In the next major version (pg-connection-string v3.0.0 and pg v9.0.0), these modes will adopt standard libpq semantics, which have weaker security guarantees.
server:dev: 
server:dev: To prepare for this change:
server:dev: - If you want the current behavior, explicitly use 'sslmode=verify-full'
server:dev: - If you want libpq compatibility now, use 'uselibpqcompat=true&sslmode=require'
server:dev: 
server:dev: See https://www.postgresql.org/docs/current/libpq-ssl.html for libpq SSL mode definitions.
server:dev: (Use `node --trace-warnings ...` to show where the warning was created)
server:dev: [2J[3J[H[[90m6:57:51 AM[0m] File change detected. Starting incremental compilation...
server:dev: 
server:dev: [[90m6:57:51 AM[0m] Found 0 errors. Watching for file changes.
server:dev: 
server:dev: ◇ injected env (0) from .env // tip: ⌘ custom filepath { path: '/custom/path/.env' }
server:dev: [32m[Nest] 30704  - [39m07/02/2026, 6:57:52 AM [32m    LOG[39m [38;5;3m[NestFactory] [39m[32mStarting Nest application...[39m
server:dev: [32m[Nest] 30704  - [39m07/02/2026, 6:57:52 AM [32m    LOG[39m [38;5;3m[InstanceLoader] [39m[32mPrismaModule dependencies initialized[39m[38;5;3m +13ms[39m
server:dev: [32m[Nest] 30704  - [39m07/02/2026, 6:57:52 AM [32m    LOG[39m [38;5;3m[InstanceLoader] [39m[32mPassportModule dependencies initialized[39m[38;5;3m +0ms[39m
server:dev: [32m[Nest] 30704  - [39m07/02/2026, 6:57:52 AM [32m    LOG[39m [38;5;3m[InstanceLoader] [39m[32mConfigHostModule dependencies initialized[39m[38;5;3m +0ms[39m
server:dev: [32m[Nest] 30704  - [39m07/02/2026, 6:57:52 AM [32m    LOG[39m [38;5;3m[InstanceLoader] [39m[32mAppModule dependencies initialized[39m[38;5;3m +2ms[39m
server:dev: [32m[Nest] 30704  - [39m07/02/2026, 6:57:52 AM [32m    LOG[39m [38;5;3m[InstanceLoader] [39m[32mConfigModule dependencies initialized[39m[38;5;3m +0ms[39m
server:dev: [32m[Nest] 30704  - [39m07/02/2026, 6:57:52 AM [32m    LOG[39m [38;5;3m[InstanceLoader] [39m[32mConfigModule dependencies initialized[39m[38;5;3m +0ms[39m
server:dev: [32m[Nest] 30704  - [39m07/02/2026, 6:57:52 AM [32m    LOG[39m [38;5;3m[InstanceLoader] [39m[32mJwtModule dependencies initialized[39m[38;5;3m +0ms[39m
server:dev: [32m[Nest] 30704  - [39m07/02/2026, 6:57:52 AM [32m    LOG[39m [38;5;3m[InstanceLoader] [39m[32mAuthModule dependencies initialized[39m[38;5;3m +3ms[39m
server:dev: [32m[Nest] 30704  - [39m07/02/2026, 6:57:53 AM [32m    LOG[39m [38;5;3m[RoutesResolver] [39m[32mAppController {/api/v1}:[39m[38;5;3m +331ms[39m
server:dev: [32m[Nest] 30704  - [39m07/02/2026, 6:57:53 AM [32m    LOG[39m [38;5;3m[RouterExplorer] [39m[32mMapped {/api/v1, GET} route[39m[38;5;3m +3ms[39m
server:dev: [32m[Nest] 30704  - [39m07/02/2026, 6:57:53 AM [32m    LOG[39m [38;5;3m[RoutesResolver] [39m[32mAuthController {/api/v1/auth}:[39m[38;5;3m +0ms[39m
server:dev: [32m[Nest] 30704  - [39m07/02/2026, 6:57:53 AM [32m    LOG[39m [38;5;3m[RouterExplorer] [39m[32mMapped {/api/v1/auth/google, GET} route[39m[38;5;3m +0ms[39m
server:dev: [32m[Nest] 30704  - [39m07/02/2026, 6:57:53 AM [32m    LOG[39m [38;5;3m[RouterExplorer] [39m[32mMapped {/api/v1/auth/google/callback, GET} route[39m[38;5;3m +1ms[39m
server:dev: [32m[Nest] 30704  - [39m07/02/2026, 6:57:53 AM [32m    LOG[39m [38;5;3m[RouterExplorer] [39m[32mMapped {/api/v1/auth/github, GET} route[39m[38;5;3m +0ms[39m
server:dev: [32m[Nest] 30704  - [39m07/02/2026, 6:57:53 AM [32m    LOG[39m [38;5;3m[RouterExplorer] [39m[32mMapped {/api/v1/auth/github/callback, GET} route[39m[38;5;3m +1ms[39m
server:dev: [32m[Nest] 30704  - [39m07/02/2026, 6:57:53 AM [32m    LOG[39m [38;5;3m[RouterExplorer] [39m[32mMapped {/api/v1/auth/refresh, POST} route[39m[38;5;3m +0ms[39m
server:dev: [32m[Nest] 30704  - [39m07/02/2026, 6:57:53 AM [32m    LOG[39m [38;5;3m[RouterExplorer] [39m[32mMapped {/api/v1/auth/logout, POST} route[39m[38;5;3m +0ms[39m
server:dev: [32m[Nest] 30704  - [39m07/02/2026, 6:57:53 AM [32m    LOG[39m [38;5;3m[RouterExplorer] [39m[32mMapped {/api/v1/auth/me, GET} route[39m[38;5;3m +1ms[39m
server:dev: [32m[Nest] 30704  - [39m07/02/2026, 6:57:53 AM [32m    LOG[39m [38;5;3m[NestApplication] [39m[32mNest application successfully started[39m[38;5;3m +71ms[39m
server:dev: [2J[3J[H[[90m6:57:57 AM[0m] File change detected. Starting incremental compilation...
server:dev: 
server:dev: [96msrc/workspaces/dto/update-workspace.dto.ts[0m:[93m1[0m:[93m29[0m - [91merror[0m[90m TS2307: [0mCannot find module '@nestjs/mapped-types' or its corresponding type declarations.
server:dev: 
server:dev: [7m1[0m import { PartialType } from '@nestjs/mapped-types';
server:dev: [7m [0m [91m                            ~~~~~~~~~~~~~~~~~~~~~~[0m
server:dev: 
server:dev: [[90m6:57:57 AM[0m] Found 1 error. Watching for file changes.
server:dev: 
server:dev: [2J[3J[H[[90m6:58:14 AM[0m] File change detected. Starting incremental compilation...
server:dev: 
server:dev: [[90m6:58:14 AM[0m] Found 0 errors. Watching for file changes.
server:dev: 
server:dev: ◇ injected env (0) from .env // tip: ⌘ multiple files { path: ['.env.local', '.env'] }
server:dev: [32m[Nest] 31176  - [39m07/02/2026, 6:58:15 AM [32m    LOG[39m [38;5;3m[NestFactory] [39m[32mStarting Nest application...[39m
server:dev: [32m[Nest] 31176  - [39m07/02/2026, 6:58:15 AM [32m    LOG[39m [38;5;3m[InstanceLoader] [39m[32mPrismaModule dependencies initialized[39m[38;5;3m +20ms[39m
server:dev: [32m[Nest] 31176  - [39m07/02/2026, 6:58:15 AM [32m    LOG[39m [38;5;3m[InstanceLoader] [39m[32mPassportModule dependencies initialized[39m[38;5;3m +0ms[39m
server:dev: [32m[Nest] 31176  - [39m07/02/2026, 6:58:15 AM [32m    LOG[39m [38;5;3m[InstanceLoader] [39m[32mConfigHostModule dependencies initialized[39m[38;5;3m +1ms[39m
server:dev: [32m[Nest] 31176  - [39m07/02/2026, 6:58:15 AM [32m    LOG[39m [38;5;3m[InstanceLoader] [39m[32mAppModule dependencies initialized[39m[38;5;3m +2ms[39m
server:dev: [32m[Nest] 31176  - [39m07/02/2026, 6:58:15 AM [32m    LOG[39m [38;5;3m[InstanceLoader] [39m[32mConfigModule dependencies initialized[39m[38;5;3m +0ms[39m
server:dev: [32m[Nest] 31176  - [39m07/02/2026, 6:58:15 AM [32m    LOG[39m [38;5;3m[InstanceLoader] [39m[32mConfigModule dependencies initialized[39m[38;5;3m +1ms[39m
server:dev: [32m[Nest] 31176  - [39m07/02/2026, 6:58:15 AM [32m    LOG[39m [38;5;3m[InstanceLoader] [39m[32mJwtModule dependencies initialized[39m[38;5;3m +0ms[39m
server:dev: [32m[Nest] 31176  - [39m07/02/2026, 6:58:15 AM [32m    LOG[39m [38;5;3m[InstanceLoader] [39m[32mAuthModule dependencies initialized[39m[38;5;3m +5ms[39m
server:dev: [32m[Nest] 31176  - [39m07/02/2026, 6:58:16 AM [32m    LOG[39m [38;5;3m[RoutesResolver] [39m[32mAppController {/api/v1}:[39m[38;5;3m +442ms[39m
server:dev: [32m[Nest] 31176  - [39m07/02/2026, 6:58:16 AM [32m    LOG[39m [38;5;3m[RouterExplorer] [39m[32mMapped {/api/v1, GET} route[39m[38;5;3m +9ms[39m
server:dev: [32m[Nest] 31176  - [39m07/02/2026, 6:58:16 AM [32m    LOG[39m [38;5;3m[RoutesResolver] [39m[32mAuthController {/api/v1/auth}:[39m[38;5;3m +0ms[39m
server:dev: [32m[Nest] 31176  - [39m07/02/2026, 6:58:16 AM [32m    LOG[39m [38;5;3m[RouterExplorer] [39m[32mMapped {/api/v1/auth/google, GET} route[39m[38;5;3m +2ms[39m
server:dev: [32m[Nest] 31176  - [39m07/02/2026, 6:58:16 AM [32m    LOG[39m [38;5;3m[RouterExplorer] [39m[32mMapped {/api/v1/auth/google/callback, GET} route[39m[38;5;3m +2ms[39m
server:dev: [32m[Nest] 31176  - [39m07/02/2026, 6:58:16 AM [32m    LOG[39m [38;5;3m[RouterExplorer] [39m[32mMapped {/api/v1/auth/github, GET} route[39m[38;5;3m +1ms[39m
server:dev: [32m[Nest] 31176  - [39m07/02/2026, 6:58:16 AM [32m    LOG[39m [38;5;3m[RouterExplorer] [39m[32mMapped {/api/v1/auth/github/callback, GET} route[39m[38;5;3m +1ms[39m
server:dev: [32m[Nest] 31176  - [39m07/02/2026, 6:58:16 AM [32m    LOG[39m [38;5;3m[RouterExplorer] [39m[32mMapped {/api/v1/auth/refresh, POST} route[39m[38;5;3m +1ms[39m
server:dev: [32m[Nest] 31176  - [39m07/02/2026, 6:58:16 AM [32m    LOG[39m [38;5;3m[RouterExplorer] [39m[32mMapped {/api/v1/auth/logout, POST} route[39m[38;5;3m +0ms[39m
server:dev: [32m[Nest] 31176  - [39m07/02/2026, 6:58:16 AM [32m    LOG[39m [38;5;3m[RouterExplorer] [39m[32mMapped {/api/v1/auth/me, GET} route[39m[38;5;3m +1ms[39m
server:dev: [32m[Nest] 31176  - [39m07/02/2026, 6:58:16 AM [32m    LOG[39m [38;5;3m[NestApplication] [39m[32mNest application successfully started[39m[38;5;3m +118ms[39m
server:dev: [2J[3J[H[[90m6:58:42 AM[0m] File change detected. Starting incremental compilation...
server:dev: 
server:dev: [[90m6:58:42 AM[0m] Found 0 errors. Watching for file changes.
server:dev: 
server:dev: ◇ injected env (0) from .env // tip: ◈ secrets for agents [www.dotenvx.com]
server:dev: [32m[Nest] 31525  - [39m07/02/2026, 6:58:43 AM [32m    LOG[39m [38;5;3m[NestFactory] [39m[32mStarting Nest application...[39m
server:dev: [32m[Nest] 31525  - [39m07/02/2026, 6:58:43 AM [32m    LOG[39m [38;5;3m[InstanceLoader] [39m[32mPrismaModule dependencies initialized[39m[38;5;3m +13ms[39m
server:dev: [32m[Nest] 31525  - [39m07/02/2026, 6:58:43 AM [32m    LOG[39m [38;5;3m[InstanceLoader] [39m[32mPassportModule dependencies initialized[39m[38;5;3m +0ms[39m
server:dev: [32m[Nest] 31525  - [39m07/02/2026, 6:58:43 AM [32m    LOG[39m [38;5;3m[InstanceLoader] [39m[32mConfigHostModule dependencies initialized[39m[38;5;3m +0ms[39m
server:dev: [32m[Nest] 31525  - [39m07/02/2026, 6:58:43 AM [32m    LOG[39m [38;5;3m[InstanceLoader] [39m[32mAppModule dependencies initialized[39m[38;5;3m +2ms[39m
server:dev: [32m[Nest] 31525  - [39m07/02/2026, 6:58:43 AM [32m    LOG[39m [38;5;3m[InstanceLoader] [39m[32mConfigModule dependencies initialized[39m[38;5;3m +0ms[39m
server:dev: [32m[Nest] 31525  - [39m07/02/2026, 6:58:43 AM [32m    LOG[39m [38;5;3m[InstanceLoader] [39m[32mConfigModule dependencies initialized[39m[38;5;3m +0ms[39m
server:dev: [32m[Nest] 31525  - [39m07/02/2026, 6:58:43 AM [32m    LOG[39m [38;5;3m[InstanceLoader] [39m[32mJwtModule dependencies initialized[39m[38;5;3m +0ms[39m
server:dev: [32m[Nest] 31525  - [39m07/02/2026, 6:58:43 AM [32m    LOG[39m [38;5;3m[InstanceLoader] [39m[32mAuthModule dependencies initialized[39m[38;5;3m +2ms[39m
server:dev: [32m[Nest] 31525  - [39m07/02/2026, 6:58:43 AM [32m    LOG[39m [38;5;3m[RoutesResolver] [39m[32mAppController {/api/v1}:[39m[38;5;3m +152ms[39m
server:dev: [32m[Nest] 31525  - [39m07/02/2026, 6:58:43 AM [32m    LOG[39m [38;5;3m[RouterExplorer] [39m[32mMapped {/api/v1, GET} route[39m[38;5;3m +3ms[39m
server:dev: [32m[Nest] 31525  - [39m07/02/2026, 6:58:43 AM [32m    LOG[39m [38;5;3m[RoutesResolver] [39m[32mAuthController {/api/v1/auth}:[39m[38;5;3m +0ms[39m
server:dev: [32m[Nest] 31525  - [39m07/02/2026, 6:58:43 AM [32m    LOG[39m [38;5;3m[RouterExplorer] [39m[32mMapped {/api/v1/auth/google, GET} route[39m[38;5;3m +1ms[39m
server:dev: [32m[Nest] 31525  - [39m07/02/2026, 6:58:43 AM [32m    LOG[39m [38;5;3m[RouterExplorer] [39m[32mMapped {/api/v1/auth/google/callback, GET} route[39m[38;5;3m +1ms[39m
server:dev: [32m[Nest] 31525  - [39m07/02/2026, 6:58:43 AM [32m    LOG[39m [38;5;3m[RouterExplorer] [39m[32mMapped {/api/v1/auth/github, GET} route[39m[38;5;3m +0ms[39m
server:dev: [32m[Nest] 31525  - [39m07/02/2026, 6:58:43 AM [32m    LOG[39m [38;5;3m[RouterExplorer] [39m[32mMapped {/api/v1/auth/github/callback, GET} route[39m[38;5;3m +0ms[39m
server:dev: [32m[Nest] 31525  - [39m07/02/2026, 6:58:43 AM [32m    LOG[39m [38;5;3m[RouterExplorer] [39m[32mMapped {/api/v1/auth/refresh, POST} route[39m[38;5;3m +1ms[39m
server:dev: [32m[Nest] 31525  - [39m07/02/2026, 6:58:43 AM [32m    LOG[39m [38;5;3m[RouterExplorer] [39m[32mMapped {/api/v1/auth/logout, POST} route[39m[38;5;3m +0ms[39m
server:dev: [32m[Nest] 31525  - [39m07/02/2026, 6:58:43 AM [32m    LOG[39m [38;5;3m[RouterExplorer] [39m[32mMapped {/api/v1/auth/me, GET} route[39m[38;5;3m +1ms[39m
server:dev: [32m[Nest] 31525  - [39m07/02/2026, 6:58:43 AM [32m    LOG[39m [38;5;3m[NestApplication] [39m[32mNest application successfully started[39m[38;5;3m +81ms[39m
server:dev: [2J[3J[H[[90m6:58:50 AM[0m] File change detected. Starting incremental compilation...
server:dev: 
server:dev: [[90m6:58:50 AM[0m] Found 0 errors. Watching for file changes.
server:dev: 
server:dev: ◇ injected env (0) from .env // tip: ⌘ suppress logs { quiet: true }
server:dev: [32m[Nest] 31723  - [39m07/02/2026, 6:58:50 AM [32m    LOG[39m [38;5;3m[NestFactory] [39m[32mStarting Nest application...[39m
server:dev: [32m[Nest] 31723  - [39m07/02/2026, 6:58:50 AM [32m    LOG[39m [38;5;3m[InstanceLoader] [39m[32mPrismaModule dependencies initialized[39m[38;5;3m +14ms[39m
server:dev: [32m[Nest] 31723  - [39m07/02/2026, 6:58:50 AM [32m    LOG[39m [38;5;3m[InstanceLoader] [39m[32mPassportModule dependencies initialized[39m[38;5;3m +0ms[39m
server:dev: [32m[Nest] 31723  - [39m07/02/2026, 6:58:50 AM [32m    LOG[39m [38;5;3m[InstanceLoader] [39m[32mConfigHostModule dependencies initialized[39m[38;5;3m +1ms[39m
server:dev: [32m[Nest] 31723  - [39m07/02/2026, 6:58:50 AM [32m    LOG[39m [38;5;3m[InstanceLoader] [39m[32mAppModule dependencies initialized[39m[38;5;3m +1ms[39m
server:dev: [32m[Nest] 31723  - [39m07/02/2026, 6:58:50 AM [32m    LOG[39m [38;5;3m[InstanceLoader] [39m[32mConfigModule dependencies initialized[39m[38;5;3m +0ms[39m
server:dev: [32m[Nest] 31723  - [39m07/02/2026, 6:58:50 AM [32m    LOG[39m [38;5;3m[InstanceLoader] [39m[32mConfigModule dependencies initialized[39m[38;5;3m +0ms[39m
server:dev: [32m[Nest] 31723  - [39m07/02/2026, 6:58:50 AM [32m    LOG[39m [38;5;3m[InstanceLoader] [39m[32mJwtModule dependencies initialized[39m[38;5;3m +0ms[39m
server:dev: [32m[Nest] 31723  - [39m07/02/2026, 6:58:50 AM [32m    LOG[39m [38;5;3m[InstanceLoader] [39m[32mAuthModule dependencies initialized[39m[38;5;3m +3ms[39m
server:dev: [32m[Nest] 31723  - [39m07/02/2026, 6:58:51 AM [32m    LOG[39m [38;5;3m[RoutesResolver] [39m[32mAppController {/api/v1}:[39m[38;5;3m +140ms[39m
server:dev: [32m[Nest] 31723  - [39m07/02/2026, 6:58:51 AM [32m    LOG[39m [38;5;3m[RouterExplorer] [39m[32mMapped {/api/v1, GET} route[39m[38;5;3m +3ms[39m
server:dev: [32m[Nest] 31723  - [39m07/02/2026, 6:58:51 AM [32m    LOG[39m [38;5;3m[RoutesResolver] [39m[32mAuthController {/api/v1/auth}:[39m[38;5;3m +0ms[39m
server:dev: [32m[Nest] 31723  - [39m07/02/2026, 6:58:51 AM [32m    LOG[39m [38;5;3m[RouterExplorer] [39m[32mMapped {/api/v1/auth/google, GET} route[39m[38;5;3m +1ms[39m
server:dev: [32m[Nest] 31723  - [39m07/02/2026, 6:58:51 AM [32m    LOG[39m [38;5;3m[RouterExplorer] [39m[32mMapped {/api/v1/auth/google/callback, GET} route[39m[38;5;3m +1ms[39m
server:dev: [32m[Nest] 31723  - [39m07/02/2026, 6:58:51 AM [32m    LOG[39m [38;5;3m[RouterExplorer] [39m[32mMapped {/api/v1/auth/github, GET} route[39m[38;5;3m +0ms[39m
server:dev: [32m[Nest] 31723  - [39m07/02/2026, 6:58:51 AM [32m    LOG[39m [38;5;3m[RouterExplorer] [39m[32mMapped {/api/v1/auth/github/callback, GET} route[39m[38;5;3m +1ms[39m
server:dev: [32m[Nest] 31723  - [39m07/02/2026, 6:58:51 AM [32m    LOG[39m [38;5;3m[RouterExplorer] [39m[32mMapped {/api/v1/auth/refresh, POST} route[39m[38;5;3m +0ms[39m
server:dev: [32m[Nest] 31723  - [39m07/02/2026, 6:58:51 AM [32m    LOG[39m [38;5;3m[RouterExplorer] [39m[32mMapped {/api/v1/auth/logout, POST} route[39m[38;5;3m +1ms[39m
server:dev: [32m[Nest] 31723  - [39m07/02/2026, 6:58:51 AM [32m    LOG[39m [38;5;3m[RouterExplorer] [39m[32mMapped {/api/v1/auth/me, GET} route[39m[38;5;3m +0ms[39m
server:dev: [32m[Nest] 31723  - [39m07/02/2026, 6:58:51 AM [32m    LOG[39m [38;5;3m[NestApplication] [39m[32mNest application successfully started[39m[38;5;3m +79ms[39m
server:dev: [2J[3J[H[[90m6:58:53 AM[0m] File change detected. Starting incremental compilation...
server:dev: 
server:dev: [[90m6:58:53 AM[0m] Found 0 errors. Watching for file changes.
server:dev: 
server:dev: ◇ injected env (0) from .env // tip: ⌘ custom filepath { path: '/custom/path/.env' }
server:dev: [32m[Nest] 31800  - [39m07/02/2026, 6:58:53 AM [32m    LOG[39m [38;5;3m[NestFactory] [39m[32mStarting Nest application...[39m
server:dev: [32m[Nest] 31800  - [39m07/02/2026, 6:58:54 AM [32m    LOG[39m [38;5;3m[InstanceLoader] [39m[32mPrismaModule dependencies initialized[39m[38;5;3m +11ms[39m
server:dev: [32m[Nest] 31800  - [39m07/02/2026, 6:58:54 AM [32m    LOG[39m [38;5;3m[InstanceLoader] [39m[32mPassportModule dependencies initialized[39m[38;5;3m +0ms[39m
server:dev: [32m[Nest] 31800  - [39m07/02/2026, 6:58:54 AM [32m    LOG[39m [38;5;3m[InstanceLoader] [39m[32mConfigHostModule dependencies initialized[39m[38;5;3m +0ms[39m
server:dev: [32m[Nest] 31800  - [39m07/02/2026, 6:58:54 AM [32m    LOG[39m [38;5;3m[InstanceLoader] [39m[32mAppModule dependencies initialized[39m[38;5;3m +1ms[39m
server:dev: [32m[Nest] 31800  - [39m07/02/2026, 6:58:54 AM [32m    LOG[39m [38;5;3m[InstanceLoader] [39m[32mConfigModule dependencies initialized[39m[38;5;3m +0ms[39m
server:dev: [32m[Nest] 31800  - [39m07/02/2026, 6:58:54 AM [32m    LOG[39m [38;5;3m[InstanceLoader] [39m[32mConfigModule dependencies initialized[39m[38;5;3m +0ms[39m
server:dev: [32m[Nest] 31800  - [39m07/02/2026, 6:58:54 AM [32m    LOG[39m [38;5;3m[InstanceLoader] [39m[32mJwtModule dependencies initialized[39m[38;5;3m +0ms[39m
server:dev: [32m[Nest] 31800  - [39m07/02/2026, 6:58:54 AM [32m    LOG[39m [38;5;3m[InstanceLoader] [39m[32mAuthModule dependencies initialized[39m[38;5;3m +2ms[39m
server:dev: [32m[Nest] 31800  - [39m07/02/2026, 6:58:54 AM [32m    LOG[39m [38;5;3m[RoutesResolver] [39m[32mAppController {/api/v1}:[39m[38;5;3m +123ms[39m
server:dev: [32m[Nest] 31800  - [39m07/02/2026, 6:58:54 AM [32m    LOG[39m [38;5;3m[RouterExplorer] [39m[32mMapped {/api/v1, GET} route[39m[38;5;3m +4ms[39m
server:dev: [32m[Nest] 31800  - [39m07/02/2026, 6:58:54 AM [32m    LOG[39m [38;5;3m[RoutesResolver] [39m[32mAuthController {/api/v1/auth}:[39m[38;5;3m +0ms[39m
server:dev: [32m[Nest] 31800  - [39m07/02/2026, 6:58:54 AM [32m    LOG[39m [38;5;3m[RouterExplorer] [39m[32mMapped {/api/v1/auth/google, GET} route[39m[38;5;3m +1ms[39m
server:dev: [32m[Nest] 31800  - [39m07/02/2026, 6:58:54 AM [32m    LOG[39m [38;5;3m[RouterExplorer] [39m[32mMapped {/api/v1/auth/google/callback, GET} route[39m[38;5;3m +1ms[39m
server:dev: [32m[Nest] 31800  - [39m07/02/2026, 6:58:54 AM [32m    LOG[39m [38;5;3m[RouterExplorer] [39m[32mMapped {/api/v1/auth/github, GET} route[39m[38;5;3m +1ms[39m
server:dev: [32m[Nest] 31800  - [39m07/02/2026, 6:58:54 AM [32m    LOG[39m [38;5;3m[RouterExplorer] [39m[32mMapped {/api/v1/auth/github/callback, GET} route[39m[38;5;3m +0ms[39m
server:dev: [32m[Nest] 31800  - [39m07/02/2026, 6:58:54 AM [32m    LOG[39m [38;5;3m[RouterExplorer] [39m[32mMapped {/api/v1/auth/refresh, POST} route[39m[38;5;3m +1ms[39m
server:dev: [32m[Nest] 31800  - [39m07/02/2026, 6:58:54 AM [32m    LOG[39m [38;5;3m[RouterExplorer] [39m[32mMapped {/api/v1/auth/logout, POST} route[39m[38;5;3m +0ms[39m
server:dev: [32m[Nest] 31800  - [39m07/02/2026, 6:58:54 AM [32m    LOG[39m [38;5;3m[RouterExplorer] [39m[32mMapped {/api/v1/auth/me, GET} route[39m[38;5;3m +0ms[39m
server:dev: [32m[Nest] 31800  - [39m07/02/2026, 6:58:54 AM [32m    LOG[39m [38;5;3m[NestApplication] [39m[32mNest application successfully started[39m[38;5;3m +75ms[39m
server:dev: [2J[3J[H[[90m6:58:55 AM[0m] File change detected. Starting incremental compilation...
server:dev: 
server:dev: [[90m6:58:55 AM[0m] Found 0 errors. Watching for file changes.
server:dev: 
server:dev: ◇ injected env (0) from .env // tip: ◈ encrypted .env [www.dotenvx.com]
server:dev: [32m[Nest] 31874  - [39m07/02/2026, 6:58:56 AM [32m    LOG[39m [38;5;3m[NestFactory] [39m[32mStarting Nest application...[39m
server:dev: [32m[Nest] 31874  - [39m07/02/2026, 6:58:56 AM [32m    LOG[39m [38;5;3m[InstanceLoader] [39m[32mPrismaModule dependencies initialized[39m[38;5;3m +12ms[39m
server:dev: [32m[Nest] 31874  - [39m07/02/2026, 6:58:56 AM [32m    LOG[39m [38;5;3m[InstanceLoader] [39m[32mPassportModule dependencies initialized[39m[38;5;3m +0ms[39m
server:dev: [32m[Nest] 31874  - [39m07/02/2026, 6:58:56 AM [32m    LOG[39m [38;5;3m[InstanceLoader] [39m[32mConfigHostModule dependencies initialized[39m[38;5;3m +0ms[39m
server:dev: [32m[Nest] 31874  - [39m07/02/2026, 6:58:56 AM [32m    LOG[39m [38;5;3m[InstanceLoader] [39m[32mAppModule dependencies initialized[39m[38;5;3m +1ms[39m
server:dev: [32m[Nest] 31874  - [39m07/02/2026, 6:58:56 AM [32m    LOG[39m [38;5;3m[InstanceLoader] [39m[32mConfigModule dependencies initialized[39m[38;5;3m +0ms[39m
server:dev: [32m[Nest] 31874  - [39m07/02/2026, 6:58:56 AM [32m    LOG[39m [38;5;3m[InstanceLoader] [39m[32mConfigModule dependencies initialized[39m[38;5;3m +1ms[39m
server:dev: [32m[Nest] 31874  - [39m07/02/2026, 6:58:56 AM [32m    LOG[39m [38;5;3m[InstanceLoader] [39m[32mJwtModule dependencies initialized[39m[38;5;3m +0ms[39m
server:dev: [32m[Nest] 31874  - [39m07/02/2026, 6:58:56 AM [32m    LOG[39m [38;5;3m[InstanceLoader] [39m[32mAuthModule dependencies initialized[39m[38;5;3m +2ms[39m
server:dev: [32m[Nest] 31874  - [39m07/02/2026, 6:58:56 AM [32m    LOG[39m [38;5;3m[RoutesResolver] [39m[32mAppController {/api/v1}:[39m[38;5;3m +127ms[39m
server:dev: [32m[Nest] 31874  - [39m07/02/2026, 6:58:56 AM [32m    LOG[39m [38;5;3m[RouterExplorer] [39m[32mMapped {/api/v1, GET} route[39m[38;5;3m +4ms[39m
server:dev: [32m[Nest] 31874  - [39m07/02/2026, 6:58:56 AM [32m    LOG[39m [38;5;3m[RoutesResolver] [39m[32mAuthController {/api/v1/auth}:[39m[38;5;3m +0ms[39m
server:dev: [32m[Nest] 31874  - [39m07/02/2026, 6:58:56 AM [32m    LOG[39m [38;5;3m[RouterExplorer] [39m[32mMapped {/api/v1/auth/google, GET} route[39m[38;5;3m +1ms[39m
server:dev: [32m[Nest] 31874  - [39m07/02/2026, 6:58:56 AM [32m    LOG[39m [38;5;3m[RouterExplorer] [39m[32mMapped {/api/v1/auth/google/callback, GET} route[39m[38;5;3m +1ms[39m
server:dev: [32m[Nest] 31874  - [39m07/02/2026, 6:58:56 AM [32m    LOG[39m [38;5;3m[RouterExplorer] [39m[32mMapped {/api/v1/auth/github, GET} route[39m[38;5;3m +0ms[39m
server:dev: [32m[Nest] 31874  - [39m07/02/2026, 6:58:56 AM [32m    LOG[39m [38;5;3m[RouterExplorer] [39m[32mMapped {/api/v1/auth/github/callback, GET} route[39m[38;5;3m +0ms[39m
server:dev: [32m[Nest] 31874  - [39m07/02/2026, 6:58:56 AM [32m    LOG[39m [38;5;3m[RouterExplorer] [39m[32mMapped {/api/v1/auth/refresh, POST} route[39m[38;5;3m +1ms[39m
server:dev: [32m[Nest] 31874  - [39m07/02/2026, 6:58:56 AM [32m    LOG[39m [38;5;3m[RouterExplorer] [39m[32mMapped {/api/v1/auth/logout, POST} route[39m[38;5;3m +0ms[39m
server:dev: [32m[Nest] 31874  - [39m07/02/2026, 6:58:56 AM [32m    LOG[39m [38;5;3m[RouterExplorer] [39m[32mMapped {/api/v1/auth/me, GET} route[39m[38;5;3m +0ms[39m
server:dev: [32m[Nest] 31874  - [39m07/02/2026, 6:58:56 AM [32m    LOG[39m [38;5;3m[NestApplication] [39m[32mNest application successfully started[39m[38;5;3m +71ms[39m
server:dev: [2J[3J[H[[90m6:59:01 AM[0m] File change detected. Starting incremental compilation...
server:dev: 
server:dev: [[90m6:59:01 AM[0m] Found 0 errors. Watching for file changes.
server:dev: 
server:dev: ◇ injected env (0) from .env // tip: ◈ encrypted .env [www.dotenvx.com]
server:dev: [32m[Nest] 31981  - [39m07/02/2026, 6:59:02 AM [32m    LOG[39m [38;5;3m[NestFactory] [39m[32mStarting Nest application...[39m
server:dev: [32m[Nest] 31981  - [39m07/02/2026, 6:59:02 AM [32m    LOG[39m [38;5;3m[InstanceLoader] [39m[32mPrismaModule dependencies initialized[39m[38;5;3m +12ms[39m
server:dev: [32m[Nest] 31981  - [39m07/02/2026, 6:59:02 AM [32m    LOG[39m [38;5;3m[InstanceLoader] [39m[32mPassportModule dependencies initialized[39m[38;5;3m +0ms[39m
server:dev: [32m[Nest] 31981  - [39m07/02/2026, 6:59:02 AM [32m    LOG[39m [38;5;3m[InstanceLoader] [39m[32mConfigHostModule dependencies initialized[39m[38;5;3m +1ms[39m
server:dev: [32m[Nest] 31981  - [39m07/02/2026, 6:59:02 AM [32m    LOG[39m [38;5;3m[InstanceLoader] [39m[32mAppModule dependencies initialized[39m[38;5;3m +2ms[39m
server:dev: [32m[Nest] 31981  - [39m07/02/2026, 6:59:02 AM [32m    LOG[39m [38;5;3m[InstanceLoader] [39m[32mConfigModule dependencies initialized[39m[38;5;3m +0ms[39m
server:dev: [32m[Nest] 31981  - [39m07/02/2026, 6:59:02 AM [32m    LOG[39m [38;5;3m[InstanceLoader] [39m[32mConfigModule dependencies initialized[39m[38;5;3m +0ms[39m
server:dev: [32m[Nest] 31981  - [39m07/02/2026, 6:59:02 AM [32m    LOG[39m [38;5;3m[InstanceLoader] [39m[32mJwtModule dependencies initialized[39m[38;5;3m +1ms[39m
server:dev: [32m[Nest] 31981  - [39m07/02/2026, 6:59:02 AM [32m    LOG[39m [38;5;3m[InstanceLoader] [39m[32mWorkspacesModule dependencies initialized[39m[38;5;3m +1ms[39m
server:dev: [32m[Nest] 31981  - [39m07/02/2026, 6:59:02 AM [32m    LOG[39m [38;5;3m[InstanceLoader] [39m[32mAuthModule dependencies initialized[39m[38;5;3m +1ms[39m
server:dev: [32m[Nest] 31981  - [39m07/02/2026, 6:59:02 AM [32m    LOG[39m [38;5;3m[RoutesResolver] [39m[32mAppController {/api/v1}:[39m[38;5;3m +6ms[39m
server:dev: [32m[Nest] 31981  - [39m07/02/2026, 6:59:02 AM [32m    LOG[39m [38;5;3m[RouterExplorer] [39m[32mMapped {/api/v1, GET} route[39m[38;5;3m +3ms[39m
server:dev: [32m[Nest] 31981  - [39m07/02/2026, 6:59:02 AM [32m    LOG[39m [38;5;3m[RoutesResolver] [39m[32mAuthController {/api/v1/auth}:[39m[38;5;3m +0ms[39m
server:dev: [32m[Nest] 31981  - [39m07/02/2026, 6:59:02 AM [32m    LOG[39m [38;5;3m[RouterExplorer] [39m[32mMapped {/api/v1/auth/google, GET} route[39m[38;5;3m +0ms[39m
server:dev: [32m[Nest] 31981  - [39m07/02/2026, 6:59:02 AM [32m    LOG[39m [38;5;3m[RouterExplorer] [39m[32mMapped {/api/v1/auth/google/callback, GET} route[39m[38;5;3m +1ms[39m
server:dev: [32m[Nest] 31981  - [39m07/02/2026, 6:59:02 AM [32m    LOG[39m [38;5;3m[RouterExplorer] [39m[32mMapped {/api/v1/auth/github, GET} route[39m[38;5;3m +0ms[39m
server:dev: [32m[Nest] 31981  - [39m07/02/2026, 6:59:02 AM [32m    LOG[39m [38;5;3m[RouterExplorer] [39m[32mMapped {/api/v1/auth/github/callback, GET} route[39m[38;5;3m +1ms[39m
server:dev: [32m[Nest] 31981  - [39m07/02/2026, 6:59:02 AM [32m    LOG[39m [38;5;3m[RouterExplorer] [39m[32mMapped {/api/v1/auth/refresh, POST} route[39m[38;5;3m +0ms[39m
server:dev: [32m[Nest] 31981  - [39m07/02/2026, 6:59:02 AM [32m    LOG[39m [38;5;3m[RouterExplorer] [39m[32mMapped {/api/v1/auth/logout, POST} route[39m[38;5;3m +0ms[39m
server:dev: [32m[Nest] 31981  - [39m07/02/2026, 6:59:02 AM [32m    LOG[39m [38;5;3m[RouterExplorer] [39m[32mMapped {/api/v1/auth/me, GET} route[39m[38;5;3m +0ms[39m
server:dev: [32m[Nest] 31981  - [39m07/02/2026, 6:59:02 AM [32m    LOG[39m [38;5;3m[RoutesResolver] [39m[32mWorkspacesController {/api/v1/workspaces}:[39m[38;5;3m +0ms[39m
server:dev: [32m[Nest] 31981  - [39m07/02/2026, 6:59:02 AM [32m    LOG[39m [38;5;3m[RouterExplorer] [39m[32mMapped {/api/v1/workspaces, POST} route[39m[38;5;3m +1ms[39m
server:dev: [32m[Nest] 31981  - [39m07/02/2026, 6:59:02 AM [32m    LOG[39m [38;5;3m[RouterExplorer] [39m[32mMapped {/api/v1/workspaces, GET} route[39m[38;5;3m +0ms[39m
server:dev: [32m[Nest] 31981  - [39m07/02/2026, 6:59:02 AM [32m    LOG[39m [38;5;3m[RouterExplorer] [39m[32mMapped {/api/v1/workspaces/:id, GET} route[39m[38;5;3m +1ms[39m
server:dev: [32m[Nest] 31981  - [39m07/02/2026, 6:59:02 AM [32m    LOG[39m [38;5;3m[RouterExplorer] [39m[32mMapped {/api/v1/workspaces/:id, PATCH} route[39m[38;5;3m +0ms[39m
server:dev: [32m[Nest] 31981  - [39m07/02/2026, 6:59:02 AM [32m    LOG[39m [38;5;3m[RouterExplorer] [39m[32mMapped {/api/v1/workspaces/:id, DELETE} route[39m[38;5;3m +0ms[39m
server:dev: [32m[Nest] 31981  - [39m07/02/2026, 6:59:02 AM [32m    LOG[39m [38;5;3m[NestApplication] [39m[32mNest application successfully started[39m[38;5;3m +71ms[39m
